// Jest Snapshot v1, https://goo.gl/fbAQLP

exports[`list-directory listDirectory should throw an error when directory read fails 1`] = `"Unable to read ./dir-name"`;
