// Jest Snapshot v1, https://goo.gl/fbAQLP

exports[`cli should create a yarg instance if one is not supplied 1`] = `
"dc-cli <command>

Commands:
  dc-cli configure            Saves the configuration options to a file
  dc-cli content-repository   Content Repository
  dc-cli content-type-schema  Content Type Schema
  dc-cli content-type         Content Type

Options:
  --help          Show help                                            [boolean]
  --version       Show version number                                  [boolean]
  --clientId                                                 [string] [required]
  --clientSecret                                             [string] [required]
  --hubId                                                    [string] [required]
  --config        Path to JSON config file     [string] [default: \\"config.json\\"]
Error: Please specify at least one command"
`;
